DOCUMENT ()
  BEGIN_REGION (>>>DOCUMENT)
  COMMENT_BLOCK (####################)
  title (title:: Problem Regi)
    string (title:: Problem Regi)
  id (id:: td-000005)
    string (id:: td-000005)
  COMMENT_BLOCK (####################)
  PARAGRAPH (This SML document co)
    string (This SML document co)
  problem ()
    BEGIN_REGION (>>>problem)
    title (title:: My Problem)
      string (title:: My Problem)
    id (id:: my-problem)
      string (id:: my-problem)
    type (type:: technical)
      string (type:: technical)
    description (description:: This i)
      string (description:: This i)
    PARAGRAPH (This is some narrati)
      string (This is some narrati)
      italics_string (not)
        string (not)
      string ( use sections.  The )
      italics_string (this)
        string (this)
      string ( paragraph is to tes)
    END_REGION (<<<problem)
  END_REGION (<<<DOCUMENT)
