DOCUMENT ()
  BEGIN_REGION (>>>DOCUMENT)
  COMMENT_BLOCK (####################)
  title (title:: Index Elemen)
    string (title:: Index Elemen)
  id (id:: td-000016)
    string (id:: td-000016)
  COMMENT_BLOCK (####################)
  PARAGRAPH (This SML file contai)
    string (This SML file contai)
  index (index:: backmatter)
    string (index:: backmatter)
  index (index:: SML; index; )
    string (index:: SML; index; )
  END_REGION (<<<DOCUMENT)
