DOCUMENT ()
  BEGIN_REGION (>>>DOCUMENT)
  COMMENT_BLOCK (####################)
  title (title:: Var Element)
    string (title:: Var Element)
  id (id:: td-000014)
    string (id:: td-000014)
  COMMENT_BLOCK (####################)
  PARAGRAPH (This SML document co)
    string (This SML document co)
  PARAGRAPH (At a recent training)
    string (At a recent training)
  var (var:: head-count = 2)
    string (var:: head-count = 2)
  var (var:: disclaimer = S)
    string (var:: disclaimer = S)
  END_REGION (<<<DOCUMENT)
