DOCUMENT ()
  BEGIN_REGION (>>>DOCUMENT)
  COMMENT_BLOCK (####################)
  title (title:: Acronym Elem)
    string (title:: Acronym Elem)
  id (id:: td-000015)
    string (id:: td-000015)
  COMMENT_BLOCK (####################)
  PARAGRAPH (This SML document co)
    string (This SML document co)
  PARAGRAPH ([a:TLA] is one of my)
    ACRONYM_TERM_REF ()
    string ( is one of my favori)
  acronym (acronym:: TLA = Thre)
    string (acronym:: TLA = Thre)
  END_REGION (<<<DOCUMENT)
