DOCUMENT ()
  BEGIN_REGION (>>>DOCUMENT)
  COMMENT_BLOCK (####################)
  title (title:: Footnote Ele)
    string (title:: Footnote Ele)
  id (id:: td-000012)
    string (id:: td-000012)
  COMMENT_BLOCK (####################)
  SECTION ()
    title (* Introduction)
      string (* Introduction)
    id (label:: footnote-ele)
      string (label:: footnote-ele)
    PARAGRAPH (This SML document co)
      string (This SML document co)
      FOOTNOTE_REF ()
    note (note::1: This is a f)
      string (note::1: This is a f)
  END_REGION (<<<DOCUMENT)
