DOCUMENT ()
  BEGIN_REGION (>>>DOCUMENT)
  COMMENT_BLOCK (####################)
  title (title:: Image Elemen)
    string (title:: Image Elemen)
  id (id:: td-000011)
    string (id:: td-000011)
  COMMENT_BLOCK (####################)
  PARAGRAPH (This SML document co)
    string (This SML document co)
  image (image:: image.1.jpg)
    string (image:: image.1.jpg)
  END_REGION (<<<DOCUMENT)
