DOCUMENT ()
  BEGIN_REGION (>>>DOCUMENT)
  COMMENT_BLOCK (####################)
  title (title:: Comment Divi)
    string (title:: Comment Divi)
  id (id:: td-000002)
    string (id:: td-000002)
  COMMENT_BLOCK (####################)
  PARAGRAPH (This SML document co)
    string (This SML document co)
  COMMENT_DIVISION ()
    PREFORMATTED_BLOCK (###COMMENT...>>>probl)
    PREFORMATTED_BLOCK (###COMMENT)
  END_REGION (<<<DOCUMENT)
