DOCUMENT ()
  BEGIN_REGION (>>>DOCUMENT)
  COMMENT_BLOCK (####################)
  title (title:: This Is A Do)
    string (title:: This Is A Do)
    emdash_symbol ()
    string (I Know, No One Shoul)
  id (id:: td-000017)
    string (id:: td-000017)
  COMMENT_BLOCK (####################)
  PARAGRAPH (This is an example o)
    string (This is an example o)
  END_REGION (<<<DOCUMENT)
