DOCUMENT ()
  BEGIN_REGION (>>>DOCUMENT)
  COMMENT_BLOCK (####################)
  title (title:: Comment Line)
    string (title:: Comment Line)
  id (id:: td-000003)
    string (id:: td-000003)
  COMMENT_BLOCK (####################)
  PARAGRAPH (This SML document co)
    string (This SML document co)
  COMMENT_BLOCK (# This is a comment )
  END_REGION (<<<DOCUMENT)
