DOCUMENT ()
  BEGIN_REGION (>>>DOCUMENT)
  COMMENT_BLOCK (####################)
  title (title:: Lists)
    string (title:: Lists)
  id (id:: td-000007)
    string (id:: td-000007)
  COMMENT_BLOCK (####################)
  PARAGRAPH (Here is an unordered)
    string (Here is an unordered)
  BULLET_LIST_ITEM (- item 1)
    string (- item 1)
  BULLET_LIST_ITEM (- item 2)
    string (- item 2)
  BULLET_LIST_ITEM (- item 3)
    string (- item 3)
  PARAGRAPH (Here is an ordered l)
    string (Here is an ordered l)
  ENUM_LIST_ITEM (+ item 1)
    string (+ item 1)
  ENUM_LIST_ITEM (+ item 2)
    string (+ item 2)
  ENUM_LIST_ITEM (+ item 3)
    string (+ item 3)
  PARAGRAPH (Here is a definition)
    string (Here is a definition)
  DEFINITION_LIST_ITEM (= term 1 = definitio)
    string (= term 1 = definitio)
  DEFINITION_LIST_ITEM (= term 2 = definitio)
    string (= term 2 = definitio)
  DEFINITION_LIST_ITEM (= term 3 = definitio)
    string (= term 3 = definitio)
  END_REGION (<<<DOCUMENT)
