DOCUMENT ()
  BEGIN_REGION (>>>DOCUMENT)
  COMMENT_BLOCK (####################)
  title (title:: Script Conte)
    string (title:: Script Conte)
  id (id:: td-000010)
    string (id:: td-000010)
  COMMENT_BLOCK (####################)
  PARAGRAPH (This SML document co)
    string (This SML document co)
  PREFORMATTED ()
    BEGIN_ENVIRONMENT (---PREFORMATTED... Vo)
    END_ENVIRONMENT (---PREFORMATTED)
  END_REGION (<<<DOCUMENT)
