>>>DOCUMENT

######################################################################

title:: Include File Default Method

id:: td-000061

######################################################################

This document tests the software's ability to resolve an `include' statement.

* Section Heading

This is a top-level section


** Subsection Heading

This is a subsection.  Will the included content be at the correct level?


** Simple Document With One Paragraph

The purpose of this simple document is to test applications designed to process SML formatted files.  This is a ~~very~~ simple document with only one paragraph.

###############################################################COMMENT

SOURCES (BIBLIOGRAPHY)

###############################################################COMMENT

---SOURCE

source_type:: misc

id:: cmmi

title:: CMMI for Development, Version 1.2

month:: August

year:: 2006

note:: CMU/SEI-2006-TR-008, ESC-TR-2006-008

---SOURCE

######################################################################

---SOURCE

source_type:: misc

id:: cmmi-levels

title:: Summary of CMMI Maturity Levels

month:: August

year:: 2006

---SOURCE

######################################################################

---SOURCE

source_type:: misc

id:: cmmi-pa

title:: Summary of CMMI Process Areas, Specific Practices, Subpractices, and Typical Work Products

month:: August

year:: 2006

---SOURCE

######################################################################


<<<DOCUMENT
